// Jest Snapshot v1, https://goo.gl/fbAQLP

exports[`SnapshotComponent snapshot check 1`] = `
<div>
  <div>
    <p>
      React
    </p>
  </div>
</div>
`;
